[dotenv@17.2.3] injecting env (4) from .env -- tip: ≡ƒæÑ sync secrets across teammates & machines: https://dotenvx.com/ops
Simple test to create a user

Connected to MongoDB

Creating user...
Saving user...
Password hashed for user: simple@test.com
node : Γ¥î Error: 
next is not a 
function
At line:1 char:1
+ node 
test_simple.js > 
test_output.txt 
2>&1; Get-Content 
test_output.t ...
+ ~~~~~~~~~~~~~~~~~~~
~~~~~~~~~~~~~~~~~~~~~
~~
    + CategoryInfo   
           : NotSpe  
  cified: (Γ¥î Err   
 or: next is not     
a function:Strin    
g) [], RemoteExc    
eption
    + FullyQualified 
   ErrorId : Native  
  CommandError
 

Error name: TypeError
Error stack: TypeError: next is not a function
    at model.<anonymous> (C:\Users\ENG Cabdisamad\Desktop\Online stadium Antigravity\server\models\User.js:68:9)
    at async Kareem.execPre (C:\Users\ENG Cabdisamad\Desktop\Online stadium Antigravity\server\node_modules\kareem\index.js:65:24)
    at async model.$__save (C:\Users\ENG Cabdisamad\Desktop\Online stadium Antigravity\server\node_modules\mongoose\lib\model.js:369:5)
    at async model.save (C:\Users\ENG Cabdisamad\Desktop\Online stadium Antigravity\server\node_modules\mongoose\lib\model.js:609:5)
    at async simpleTest (C:\Users\ENG Cabdisamad\Desktop\Online stadium Antigravity\server\test_simple.js:26:9)
